—Ë8IÀÔí|Ã}æÊ v"‡rw¾%7YúŸ¢’(T8bÿ	O¼Ï†n²RsØÄmŸâŸ{UƒL½£qt>FììÌ_º³Á"Æ¸öýú£6­ÅyÙàlz,»ÝÚ©Ù$u~’îôŽƒŠzµ‘ïœ.F0Þë\¦Ýnà
â}w¬8êòTN-•°¦ÙÈ…* :ÏÇ-ÚÜ¦>2g
ˆwù5†>ÄK'+Î9V¼aÇáŠ`Ì,ŠŽM½Ù×½/8­|Cðk:{)¹:Á¿õ.ÛMèß ]ÖSˆáÉ˜öz”­R-*yl—†§öéÔ#!àÖÊ)€}ú˜aDçã